
> temp_app@0.1.0 build E:\web-projects\web-mobile-work-apps\nextjs16-gym-management
> next build

▲ Next.js 16.1.6 (Turbopack)
- Environments: .env

  Creating an optimized production build ...
✓ Compiled successfully in 2.4s
  Running TypeScript ...
  Collecting page data using 19 workers ...
  Generating static pages using 19 workers (0/15) ...
  Generating static pages using 19 workers (3/15) 
  Generating static pages using 19 workers (7/15) 
  Generating static pages using 19 workers (11/15) 
✓ Generating static pages using 19 workers (15/15) in 3.4s
  Finalizing page optimization ...

Route (app)
┌ ○ /
├ ○ /_not-found
├ ○ /admin/attendance
├ ○ /admin/branches
├ ○ /admin/dashboard
├ ○ /admin/exercises
├ ○ /admin/members
├ ○ /admin/programs
├ ○ /admin/subscriptions
├ ○ /admin/trainers
├ ○ /client/dashboard
├ ○ /client/dashboard/profile
├ ○ /client/profile
├ ƒ /sign-in/[[...sign-in]]
└ ƒ /sign-up/[[...sign-up]]


ƒ Proxy (Middleware)

○  (Static)   prerendered as static content
ƒ  (Dynamic)  server-rendered on demand

